============================= test session starts =============================
platform win32 -- Python 3.13.5, pytest-8.4.2, pluggy-1.6.0 -- C:\Users\Cheem\AppData\Local\Programs\Python\Python313\python.exe
cachedir: .pytest_cache
rootdir: C:\Users\Cheem\OneDrive\Coding\todo\todo-1\api
configfile: pytest.ini
plugins: anyio-4.9.0, cov-7.0.0, mock-3.15.1
collecting ... collected 0 items / 1 error

=================================== ERRORS ====================================
____________________ ERROR collecting tests/test_tasks.py _____________________
'asyncio' not found in `markers` configuration option
============================== warnings summary ===============================
..\..\..\..\AppData\Local\Programs\Python\Python313\Lib\site-packages\PyPDF2\__init__.py:21
  C:\Users\Cheem\AppData\Local\Programs\Python\Python313\Lib\site-packages\PyPDF2\__init__.py:21: DeprecationWarning: PyPDF2 is deprecated. Please move to the pypdf library instead.
    warnings.warn(

..\..\..\..\AppData\Local\Programs\Python\Python313\Lib\site-packages\pytesseract\pytesseract.py:32
  C:\Users\Cheem\AppData\Local\Programs\Python\Python313\Lib\site-packages\pytesseract\pytesseract.py:32: DeprecationWarning: 'pkgutil.find_loader' is deprecated and slated for removal in Python 3.14; use importlib.util.find_spec() instead
    numpy_installed = find_loader('numpy') is not None

..\..\..\..\AppData\Local\Programs\Python\Python313\Lib\site-packages\pytesseract\pytesseract.py:36
  C:\Users\Cheem\AppData\Local\Programs\Python\Python313\Lib\site-packages\pytesseract\pytesseract.py:36: DeprecationWarning: 'pkgutil.find_loader' is deprecated and slated for removal in Python 3.14; use importlib.util.find_spec() instead
    pandas_installed = find_loader('pandas') is not None

..\..\..\..\AppData\Local\Programs\Python\Python313\Lib\site-packages\dateutil\tz\tz.py:37
  C:\Users\Cheem\AppData\Local\Programs\Python\Python313\Lib\site-packages\dateutil\tz\tz.py:37: DeprecationWarning: datetime.datetime.utcfromtimestamp() is deprecated and scheduled for removal in a future version. Use timezone-aware objects to represent datetimes in UTC: datetime.datetime.fromtimestamp(timestamp, datetime.UTC).
    EPOCH = datetime.datetime.utcfromtimestamp(0)

..\..\..\..\AppData\Local\Programs\Python\Python313\Lib\site-packages\_pytest\config\__init__.py:1474
  C:\Users\Cheem\AppData\Local\Programs\Python\Python313\Lib\site-packages\_pytest\config\__init__.py:1474: PytestConfigWarning: Unknown config option: asyncio_mode
  
    self._warn_or_fail_if_strict(f"Unknown config option: {key}\n")

..\..\..\..\AppData\Local\Programs\Python\Python313\Lib\site-packages\_pytest\config\__init__.py:1474
  C:\Users\Cheem\AppData\Local\Programs\Python\Python313\Lib\site-packages\_pytest\config\__init__.py:1474: PytestConfigWarning: Unknown config option: env_files
  
    self._warn_or_fail_if_strict(f"Unknown config option: {key}\n")

-- Docs: https://docs.pytest.org/en/stable/how-to/capture-warnings.html
=========================== short test summary info ===========================
ERROR api\tests\test_tasks.py - Failed: 'asyncio' not found in `markers` conf...
!!!!!!!!!!!!!!!!!!! Interrupted: 1 error during collection !!!!!!!!!!!!!!!!!!!!
======================== 6 warnings, 1 error in 0.24s =========================
