pytest : ImportError 
while loading 
conftest 'C:\Users\Ch
eem\OneDrive\Coding\t
odo\todo-1\tests\conf
test.py'.
At line:1 char:1
+ pytest -v > 
test_output.txt 2>&1
+ ~~~~~~~~~~~~~~~~~~~
~~~~~~~~~~~~~
    + CategoryInfo   
           : 
NotSpecifi    ed: 
(ImportError w    
hi...s\conftest.py   
 '.:String) [], Rem  
  oteException
    + 
FullyQualifiedEr    
rorId : NativeComm   
 andError
 
tests\conftest.py:10:
 in <module>
    from api.main 
import app
api\main.py:70: in 
<module>
    from api.scheduli
ng.chat_routes 
import router as 
chat_router
api\scheduling\chat_r
outes.py:9: in 
<module>
    from 
api.scheduling.agent 
import run_agent
api\scheduling\agent.
py:10: in <module>
    from api.scheduli
ng.agent_actions.util
s import chatgpt_call
api\scheduling\agent_
actions\__init__.py:4
: in <module>
    from .scheduling 
import schedule_tasks
_into_calendar
api\scheduling\agent_
actions\scheduling.py
:23: in <module>
    from api.scheduli
ng.agent_actions.util
s import 
build_task_payload, s
tandardize_existing_t
ask, sanitize_event_p
ayload
E   ImportError: 
cannot import name 
'build_task_payload' 
from 'api.scheduling.
agent_actions.utils' 
(C:\Users\Cheem\OneDr
ive\Coding\todo\todo-
1\api\scheduling\agen
t_actions\utils.py)
